[2026-06-23 16:21:53.058] [5693] [HailoRT] [info] [vdevice.cpp:535] [create] Creating vdevice with params: device_count: 1, scheduling_algorithm: ROUND_ROBIN, multi_process_service: false
[2026-06-23 16:21:53.070] [5693] [HailoRT] [info] [device.cpp:51] [Device] OS Version: Linux 6.18.33+rpt-rpi-2712 #1 SMP PREEMPT Debian 1:6.18.33-1+rpt1 (2026-06-01) aarch64
[2026-06-23 16:21:53.071] [5693] [HailoRT] [info] [control.cpp:113] [control__parse_identify_results] firmware_version is: 4.23.0
[2026-06-23 16:21:53.071] [5693] [HailoRT] [info] [vdevice.cpp:682] [create] VDevice Infos: 0001:01:00.0
[2026-06-23 16:21:53.079] [5693] [HailoRT] [info] [hef.cpp:1994] [get_network_group_and_network_name] No name was given. Addressing all networks of default network_group: yolo26_landmark
[2026-06-23 16:21:53.079] [5693] [HailoRT] [info] [hef.cpp:1994] [get_network_group_and_network_name] No name was given. Addressing all networks of default network_group: yolo26_landmark
[2026-06-23 16:21:53.079] [5693] [HailoRT] [info] [vdevice.cpp:535] [create] Creating vdevice with params: device_count: 1, scheduling_algorithm: ROUND_ROBIN, multi_process_service: false
[2026-06-23 16:21:53.081] [5693] [HailoRT] [info] [hef.cpp:1994] [get_network_group_and_network_name] No name was given. Addressing all networks of default network_group: arcface_mobilefacenet
[2026-06-23 16:21:53.081] [5693] [HailoRT] [info] [hef.cpp:1994] [get_network_group_and_network_name] No name was given. Addressing all networks of default network_group: arcface_mobilefacenet
[2026-06-23 16:21:53.198] [5693] [HailoRT] [info] [internal_buffer_manager.cpp:75] [print_execution_results] Default Internal buffer planner failed to meet requirements
[2026-06-23 16:21:53.198] [5693] [HailoRT] [info] [internal_buffer_manager.cpp:86] [print_execution_results] Default Internal buffer planner executed successfully
[2026-06-23 16:21:53.204] [5693] [HailoRT] [info] [device_internal.cpp:57] [configure] Configuring HEF took 10.918614 milliseconds
[2026-06-23 16:21:53.204] [5693] [HailoRT] [info] [vdevice.cpp:780] [configure] Configuring HEF on VDevice took 11.169444 milliseconds
[2026-06-23 16:21:53.204] [5693] [HailoRT] [info] [infer_model.cpp:417] [configure] Configuring network group 'arcface_mobilefacenet' with params: batch size: 0, power mode: PERFORMANCE, latency: NONE
[2026-06-23 16:21:53.207] [5693] [HailoRT] [info] [multi_io_elements.cpp:754] [create] Created (AsyncHwEl)
[2026-06-23 16:21:53.207] [5693] [HailoRT] [info] [queue_elements.cpp:450] [create] Created (EntryPushQEl0arcface_mobilefacenet/input_layer1 | timeout: 10s)
[2026-06-23 16:21:53.207] [5693] [HailoRT] [info] [filter_elements.cpp:101] [create] Created (PreInferEl1arcface_mobilefacenet/input_layer1 | Reorder - src_order: RGB4, src_shape: (112, 112, 3), dst_order: NHWC, dst_shape: (112, 112, 3))
[2026-06-23 16:21:53.207] [5693] [HailoRT] [info] [queue_elements.cpp:450] [create] Created (PushQEl1arcface_mobilefacenet/input_layer1 | timeout: 10s)
[2026-06-23 16:21:53.207] [5693] [HailoRT] [info] [edge_elements.cpp:187] [create] Created (LastAsyncEl0AsyncHwEl)
[2026-06-23 16:21:53.207] [5693] [HailoRT] [info] [pipeline.cpp:891] [print_deep_description] EntryPushQEl0arcface_mobilefacenet/input_layer1 | inputs: user | outputs: PreInferEl1arcface_mobilefacenet/input_layer1(running in thread_id: 5712)
[2026-06-23 16:21:53.207] [5693] [HailoRT] [info] [pipeline.cpp:891] [print_deep_description] PreInferEl1arcface_mobilefacenet/input_layer1 | inputs: EntryPushQEl0arcface_mobilefacenet/input_layer1[0] | outputs: PushQEl1arcface_mobilefacenet/input_layer1
[2026-06-23 16:21:53.207] [5693] [HailoRT] [info] [pipeline.cpp:891] [print_deep_description] PushQEl1arcface_mobilefacenet/input_layer1 | inputs: PreInferEl1arcface_mobilefacenet/input_layer1[0] | outputs: AsyncHwEl(running in thread_id: 5713)
[2026-06-23 16:21:53.207] [5693] [HailoRT] [info] [pipeline.cpp:891] [print_deep_description] AsyncHwEl | inputs: PushQEl1arcface_mobilefacenet/input_layer1[0] | outputs: LastAsyncEl0AsyncHwEl
[2026-06-23 16:21:53.207] [5693] [HailoRT] [info] [pipeline.cpp:891] [print_deep_description] LastAsyncEl0AsyncHwEl | inputs: AsyncHwEl[0] | outputs: user
[2026-06-23 16:21:53.211] [5693] [HailoRT] [info] [internal_buffer_manager.cpp:77] [print_execution_results] Planned internal buffer memory: CMA=0 CMA-Desc=655360 Pinned=1436160. memory to edge layer usage factor is 0.84007186
[2026-06-23 16:21:53.211] [5693] [HailoRT] [info] [internal_buffer_manager.cpp:86] [print_execution_results] Default Internal buffer planner executed successfully
[2026-06-23 16:21:53.230] [5693] [HailoRT] [info] [device_internal.cpp:57] [configure] Configuring HEF took 20.805777 milliseconds
[2026-06-23 16:21:53.230] [5693] [HailoRT] [info] [vdevice.cpp:780] [configure] Configuring HEF on VDevice took 21.152032 milliseconds
[2026-06-23 16:21:53.230] [5693] [HailoRT] [info] [infer_model.cpp:417] [configure] Configuring network group 'yolo26_landmark' with params: batch size: 0, power mode: PERFORMANCE, latency: NONE
[2026-06-23 16:21:53.230] [5693] [HailoRT] [info] [multi_io_elements.cpp:754] [create] Created (AsyncHwEl)
[2026-06-23 16:21:53.230] [5693] [HailoRT] [info] [queue_elements.cpp:450] [create] Created (EntryPushQEl0yolo26_landmark/input_layer1 | timeout: 10s)
[2026-06-23 16:21:53.230] [5693] [HailoRT] [info] [filter_elements.cpp:101] [create] Created (PreInferEl3yolo26_landmark/input_layer1 | Reorder - src_order: RGB4, src_shape: (640, 640, 3), dst_order: NHCW, dst_shape: (640, 640, 3))
[2026-06-23 16:21:53.230] [5693] [HailoRT] [info] [queue_elements.cpp:450] [create] Created (PushQEl3yolo26_landmark/input_layer1 | timeout: 10s)
[2026-06-23 16:21:53.230] [5693] [HailoRT] [info] [edge_elements.cpp:187] [create] Created (LastAsyncEl6AsyncHwEl)
[2026-06-23 16:21:53.230] [5693] [HailoRT] [info] [edge_elements.cpp:187] [create] Created (LastAsyncEl4AsyncHwEl)
[2026-06-23 16:21:53.230] [5693] [HailoRT] [info] [edge_elements.cpp:187] [create] Created (LastAsyncEl5AsyncHwEl)
[2026-06-23 16:21:53.231] [5693] [HailoRT] [info] [queue_elements.cpp:450] [create] Created (PushQEl0AsyncHwEl | timeout: 10s)
[2026-06-23 16:21:53.231] [5693] [HailoRT] [info] [filter_elements.cpp:372] [create] Created (PostInferEl0AsyncHwEl | Reorder - src_order: FCR, src_shape: (20, 20, 8), dst_order: FCR, dst_shape: (20, 20, 4))
[2026-06-23 16:21:53.231] [5693] [HailoRT] [info] [edge_elements.cpp:187] [create] Created (LastAsyncEl0PostInferEl0AsyncHwEl)
[2026-06-23 16:21:53.231] [5693] [HailoRT] [info] [edge_elements.cpp:187] [create] Created (LastAsyncEl7AsyncHwEl)
[2026-06-23 16:21:53.231] [5693] [HailoRT] [info] [queue_elements.cpp:450] [create] Created (PushQEl8AsyncHwEl | timeout: 10s)
[2026-06-23 16:21:53.231] [5693] [HailoRT] [info] [filter_elements.cpp:372] [create] Created (PostInferEl8AsyncHwEl | Reorder - src_order: FCR, src_shape: (80, 80, 16), dst_order: FCR, dst_shape: (80, 80, 15))
[2026-06-23 16:21:53.231] [5693] [HailoRT] [info] [edge_elements.cpp:187] [create] Created (LastAsyncEl0PostInferEl8AsyncHwEl)
[2026-06-23 16:21:53.231] [5693] [HailoRT] [info] [edge_elements.cpp:187] [create] Created (LastAsyncEl3AsyncHwEl)
[2026-06-23 16:21:53.231] [5693] [HailoRT] [info] [queue_elements.cpp:450] [create] Created (PushQEl2AsyncHwEl | timeout: 10s)
[2026-06-23 16:21:53.231] [5693] [HailoRT] [info] [filter_elements.cpp:372] [create] Created (PostInferEl2AsyncHwEl | Reorder - src_order: FCR, src_shape: (40, 40, 16), dst_order: FCR, dst_shape: (40, 40, 15))
[2026-06-23 16:21:53.231] [5693] [HailoRT] [info] [edge_elements.cpp:187] [create] Created (LastAsyncEl0PostInferEl2AsyncHwEl)
[2026-06-23 16:21:53.231] [5693] [HailoRT] [info] [queue_elements.cpp:450] [create] Created (PushQEl1AsyncHwEl | timeout: 10s)
[2026-06-23 16:21:53.231] [5693] [HailoRT] [info] [filter_elements.cpp:372] [create] Created (PostInferEl1AsyncHwEl | Reorder - src_order: FCR, src_shape: (20, 20, 16), dst_order: FCR, dst_shape: (20, 20, 15))
[2026-06-23 16:21:53.231] [5693] [HailoRT] [info] [edge_elements.cpp:187] [create] Created (LastAsyncEl0PostInferEl1AsyncHwEl)
[2026-06-23 16:21:53.231] [5693] [HailoRT] [info] [pipeline.cpp:891] [print_deep_description] EntryPushQEl0yolo26_landmark/input_layer1 | inputs: user | outputs: PreInferEl3yolo26_landmark/input_layer1(running in thread_id: 5714)
[2026-06-23 16:21:53.231] [5693] [HailoRT] [info] [pipeline.cpp:891] [print_deep_description] PreInferEl3yolo26_landmark/input_layer1 | inputs: EntryPushQEl0yolo26_landmark/input_layer1[0] | outputs: PushQEl3yolo26_landmark/input_layer1
[2026-06-23 16:21:53.231] [5693] [HailoRT] [info] [pipeline.cpp:891] [print_deep_description] PushQEl3yolo26_landmark/input_layer1 | inputs: PreInferEl3yolo26_landmark/input_layer1[0] | outputs: AsyncHwEl(running in thread_id: 5715)
[2026-06-23 16:21:53.231] [5693] [HailoRT] [info] [pipeline.cpp:891] [print_deep_description] AsyncHwEl | inputs: PushQEl3yolo26_landmark/input_layer1[0] | outputs: PushQEl0AsyncHwEl PushQEl1AsyncHwEl PushQEl2AsyncHwEl LastAsyncEl3AsyncHwEl LastAsyncEl4AsyncHwEl LastAsyncEl5AsyncHwEl LastAsyncEl6AsyncHwEl LastAsyncEl7AsyncHwEl PushQEl8AsyncHwEl
[2026-06-23 16:21:53.231] [5693] [HailoRT] [info] [pipeline.cpp:891] [print_deep_description] PushQEl0AsyncHwEl | inputs: AsyncHwEl[0] | outputs: PostInferEl0AsyncHwEl(running in thread_id: 5716)
[2026-06-23 16:21:53.231] [5693] [HailoRT] [info] [pipeline.cpp:891] [print_deep_description] PostInferEl0AsyncHwEl | inputs: PushQEl0AsyncHwEl[0] | outputs: LastAsyncEl0PostInferEl0AsyncHwEl
[2026-06-23 16:21:53.231] [5693] [HailoRT] [info] [pipeline.cpp:891] [print_deep_description] LastAsyncEl0PostInferEl0AsyncHwEl | inputs: PostInferEl0AsyncHwEl[0] | outputs: user
[2026-06-23 16:21:53.231] [5693] [HailoRT] [info] [pipeline.cpp:891] [print_deep_description] PushQEl1AsyncHwEl | inputs: AsyncHwEl[0] | outputs: PostInferEl1AsyncHwEl(running in thread_id: 5719)
[2026-06-23 16:21:53.231] [5693] [HailoRT] [info] [pipeline.cpp:891] [print_deep_description] PostInferEl1AsyncHwEl | inputs: PushQEl1AsyncHwEl[0] | outputs: LastAsyncEl0PostInferEl1AsyncHwEl
[2026-06-23 16:21:53.231] [5693] [HailoRT] [info] [pipeline.cpp:891] [print_deep_description] LastAsyncEl0PostInferEl1AsyncHwEl | inputs: PostInferEl1AsyncHwEl[0] | outputs: user
[2026-06-23 16:21:53.231] [5693] [HailoRT] [info] [pipeline.cpp:891] [print_deep_description] PushQEl2AsyncHwEl | inputs: AsyncHwEl[0] | outputs: PostInferEl2AsyncHwEl(running in thread_id: 5718)
[2026-06-23 16:21:53.231] [5693] [HailoRT] [info] [pipeline.cpp:891] [print_deep_description] PostInferEl2AsyncHwEl | inputs: PushQEl2AsyncHwEl[0] | outputs: LastAsyncEl0PostInferEl2AsyncHwEl
[2026-06-23 16:21:53.231] [5693] [HailoRT] [info] [pipeline.cpp:891] [print_deep_description] LastAsyncEl0PostInferEl2AsyncHwEl | inputs: PostInferEl2AsyncHwEl[0] | outputs: user
[2026-06-23 16:21:53.231] [5693] [HailoRT] [info] [pipeline.cpp:891] [print_deep_description] LastAsyncEl3AsyncHwEl | inputs: AsyncHwEl[0] | outputs: user
[2026-06-23 16:21:53.231] [5693] [HailoRT] [info] [pipeline.cpp:891] [print_deep_description] LastAsyncEl4AsyncHwEl | inputs: AsyncHwEl[0] | outputs: user
[2026-06-23 16:21:53.231] [5693] [HailoRT] [info] [pipeline.cpp:891] [print_deep_description] LastAsyncEl5AsyncHwEl | inputs: AsyncHwEl[0] | outputs: user
[2026-06-23 16:21:53.231] [5693] [HailoRT] [info] [pipeline.cpp:891] [print_deep_description] LastAsyncEl6AsyncHwEl | inputs: AsyncHwEl[0] | outputs: user
[2026-06-23 16:21:53.231] [5693] [HailoRT] [info] [pipeline.cpp:891] [print_deep_description] LastAsyncEl7AsyncHwEl | inputs: AsyncHwEl[0] | outputs: user
[2026-06-23 16:21:53.231] [5693] [HailoRT] [info] [pipeline.cpp:891] [print_deep_description] PushQEl8AsyncHwEl | inputs: AsyncHwEl[0] | outputs: PostInferEl8AsyncHwEl(running in thread_id: 5717)
[2026-06-23 16:21:53.231] [5693] [HailoRT] [info] [pipeline.cpp:891] [print_deep_description] PostInferEl8AsyncHwEl | inputs: PushQEl8AsyncHwEl[0] | outputs: LastAsyncEl0PostInferEl8AsyncHwEl
[2026-06-23 16:21:53.231] [5693] [HailoRT] [info] [pipeline.cpp:891] [print_deep_description] LastAsyncEl0PostInferEl8AsyncHwEl | inputs: PostInferEl8AsyncHwEl[0] | outputs: user
